// Jest Snapshot v1, https://goo.gl/fbAQLP

exports[`S2 matches snapshot 1`] = `
<div>
  <h1>
    Let's get set up!
  </h1>
  <form
    className="create-account-form"
  >
    <div
      className="name-container"
    >
      <input
        className="formname"
        defaultValue="Joss"
        name="first_name"
        placeholder="First Name"
      />
      <input
        className="formname"
        defaultValue="Staneck"
        name="last_name"
        placeholder="Last Name"
      />
    </div>
    <input
      className="formname"
      defaultValue="manager"
      name="job_title"
      placeholder="Job Title"
    />
    <h6>
      What's your organization name?
    </h6>
    <input
      className="orgname-input"
      defaultValue="less than 20"
      name="org_name"
      placeholder="Organization Name"
    />
    <h6>
      How big is your organization?
    </h6>
    <div
      className="org-size"
    >
      <div
        className="radio-div"
      >
        <input
          defaultValue="  less than 20"
          id="lessthan20"
          name="company_size"
          type="radio"
        />
      </div>
      <label
        htmlFor="lessthan20"
      >
        Less than 20
      </label>
      <div
        className="radio-div"
      >
        <input
          defaultValue="  21 to 100"
          id="21100"
          name="company_size"
          type="radio"
        />
        <label
          htmlFor="21100"
        >
          21 - 100
        </label>
      </div>
      <div
        className="radio-div"
      >
        <input
          defaultValue="  over 100"
          id="over100"
          name="company_size"
          type="radio"
        />
        <label
          htmlFor="over100"
        >
          Over 100
        </label>
      </div>
    </div>
    <div
      className="dropdown-container"
    >
      <label
        className="industry-label"
        htmlFor="industry"
      >
        Select your industry:
      </label>
      <div
        className="custom-select"
      >
        <select>
          <option
            value="Accounting"
          >
            Accounting
          </option>
          <option
            value="Advertising/PR"
          >
            Advertising/PR
          </option>
          <option
            value="Aerospace"
          >
            Aerospace
          </option>
          <option
            value="Argiculture"
          >
            Agriculture
          </option>
          <option
            value="Architecture"
          >
            Architecture
          </option>
          <option
            value="Airlines"
          >
            Airlines
          </option>
          <option
            value="Automotive"
          >
            Automotive
          </option>
          <option
            value="Banking/Finance"
          >
            Banking/Finance
          </option>
          <option
            value="Business (general)"
          >
            Business (general)
          </option>
          <option
            value="Communications"
          >
            Communications
          </option>
          <option
            value="Education"
          >
            Education
          </option>
          <option
            value="Entertainment"
          >
            Entertainment
          </option>
          <option
            value="Hospitality"
          >
            Hospitality
          </option>
          <option
            value="IT/Computers/Technology"
          >
            IT/Computers/Technology
          </option>
          <option
            value="Legal"
          >
            Legal
          </option>
          <option
            value="Medical/Health Services"
          >
            Medical/Health Services
          </option>
        </select>
        <div
          className="select-selected"
          id="industry"
          onClick={[Function]}
        >
          <div
            className="placeholder-div"
          >
            e.g. Accounting
          </div>
        </div>
        <div
          className="select-items select-hide"
        >
          <div
            data-value="Accounting"
            onClick={[Function]}
          >
            Accounting
          </div>
          <div
            data-value="Advertising/PR"
            onClick={[Function]}
          >
            Advertising/PR
          </div>
          <div
            data-value="Aerospace"
            onClick={[Function]}
          >
            Aerospace
          </div>
          <div
            data-value="Argiculture"
            onClick={[Function]}
          >
            Agriculture
          </div>
          <div
            data-value="Architecture"
            onClick={[Function]}
          >
            Architecture
          </div>
          <div
            data-value="Airlines"
            onClick={[Function]}
          >
            Airlines
          </div>
          <div
            data-value="Automotive"
            onClick={[Function]}
          >
            Automotive
          </div>
          <div
            data-value="Banking/Finance"
            onClick={[Function]}
          >
            Banking/Finance
          </div>
          <div
            data-value="Business (general)"
            onClick={[Function]}
          >
            Business (general)
          </div>
          <div
            data-value="Communications"
            onClick={[Function]}
          >
            Communications
          </div>
          <div
            data-value="Education"
            onClick={[Function]}
          >
            Education
          </div>
          <div
            data-value="Entertainment"
            onClick={[Function]}
          >
            Entertainment
          </div>
          <div
            data-value="Hospitality"
            onClick={[Function]}
          >
            Hospitality
          </div>
          <div
            data-value="IT/Computers/Technology"
            onClick={[Function]}
          >
            IT/Computers/Technology
          </div>
          <div
            data-value="Legal"
            onClick={[Function]}
          >
            Legal
          </div>
          <div
            data-value="Medical/Health Services"
            onClick={[Function]}
          >
            Medical/Health Services
          </div>
        </div>
      </div>
    </div>
  </form>
  <button
    disabled={true}
    onClick={[Function]}
    type="submit"
  >
    Next
  </button>
</div>
`;
